<html>
<body>
<pre>
<h1>µVision Build Log</h1>
<h2>Tool Versions:</h2>
IDE-Version: µVision V5.24.2.0
Copyright (C) 2017 ARM Ltd and ARM Germany GmbH. All rights reserved.
License Information: Richard Son, Richard Heavy duty company, LIC=----
 
Tool Versions:
Toolchain:       MDK-Lite  Version: 5.24.1
Toolchain Path:  C:\Keil_v5\ARM\ARMCC\Bin
C Compiler:      Armcc.exe V5.06 update 5 (build 528)
Assembler:       Armasm.exe V5.06 update 5 (build 528)
Linker/Locator:  ArmLink.exe V5.06 update 5 (build 528)
Library Manager: ArmAr.exe V5.06 update 5 (build 528)
Hex Converter:   FromElf.exe V5.06 update 5 (build 528)
CPU DLL:         SARMCM3.DLL V5.24.1
Dialog DLL:      DCM.DLL V1.16.0.0
Target DLL:      CMSIS_AGDI.dll V1.28.3.0
Dialog DLL:      TCM.DLL V1.32.0.0
 
<h2>Project:</h2>
D:\MSP432\RTOS_1\USER\RTOS.uvprojx
Project File Date:  11/29/2018

<h2>Output:</h2>
*** Using Compiler 'V5.06 update 5 (build 528)', folder: 'C:\Keil_v5\ARM\ARMCC\Bin'
Rebuild target 'RTOS'
compiling crc32.c...
..\FW LIB\inc\CMSIS\core_cm4.h(1779): warning:  #223-D: function "__DSB" declared implicitly
    __DSB();                                                          /* Ensure all outstanding memory accesses included
..\FW LIB\inc\CMSIS\core_cm4.h(1788): warning:  #223-D: function "__NOP" declared implicitly
      __NOP();
..\FW LIB\inc\CMSIS\core_cm4.h(1870): warning:  #223-D: function "__NOP" declared implicitly
        __NOP();
..\FW LIB\crc32.c: 3 warnings, 0 errors
compiling cpu.c...
..\FW LIB\inc\CMSIS\core_cm4.h(1779): warning:  #223-D: function "__DSB" declared implicitly
    __DSB();                                                          /* Ensure all outstanding memory accesses included
..\FW LIB\inc\CMSIS\core_cm4.h(1788): warning:  #223-D: function "__NOP" declared implicitly
      __NOP();
..\FW LIB\inc\CMSIS\core_cm4.h(1870): warning:  #223-D: function "__NOP" declared implicitly
        __NOP();
..\FW LIB\cpu.c: 3 warnings, 0 errors
compiling aes256.c...
..\FW LIB\inc\CMSIS\core_cm4.h(1779): warning:  #223-D: function "__DSB" declared implicitly
    __DSB();                                                          /* Ensure all outstanding memory accesses included
..\FW LIB\inc\CMSIS\core_cm4.h(1788): warning:  #223-D: function "__NOP" declared implicitly
      __NOP();
..\FW LIB\inc\CMSIS\core_cm4.h(1870): warning:  #223-D: function "__NOP" declared implicitly
        __NOP();
..\FW LIB\aes256.c: 3 warnings, 0 errors
compiling comp_e.c...
..\FW LIB\inc\CMSIS\core_cm4.h(1779): warning:  #223-D: function "__DSB" declared implicitly
    __DSB();                                                          /* Ensure all outstanding memory accesses included
..\FW LIB\inc\CMSIS\core_cm4.h(1788): warning:  #223-D: function "__NOP" declared implicitly
      __NOP();
..\FW LIB\inc\CMSIS\core_cm4.h(1870): warning:  #223-D: function "__NOP" declared implicitly
        __NOP();
..\FW LIB\comp_e.c: 3 warnings, 0 errors
compiling adc14.c...
..\FW LIB\inc\CMSIS\core_cm4.h(1779): warning:  #223-D: function "__DSB" declared implicitly
    __DSB();                                                          /* Ensure all outstanding memory accesses included
..\FW LIB\inc\CMSIS\core_cm4.h(1788): warning:  #223-D: function "__NOP" declared implicitly
      __NOP();
..\FW LIB\inc\CMSIS\core_cm4.h(1870): warning:  #223-D: function "__NOP" declared implicitly
        __NOP();
..\FW LIB\adc14.c: 3 warnings, 0 errors
compiling cs.c...
..\FW LIB\inc\CMSIS\core_cm4.h(1779): warning:  #223-D: function "__DSB" declared implicitly
    __DSB();                                                          /* Ensure all outstanding memory accesses included
..\FW LIB\inc\CMSIS\core_cm4.h(1788): warning:  #223-D: function "__NOP" declared implicitly
      __NOP();
..\FW LIB\inc\CMSIS\core_cm4.h(1870): warning:  #223-D: function "__NOP" declared implicitly
        __NOP();
..\FW LIB\cs.c: 3 warnings, 0 errors
compiling main.c...
..\FW LIB\inc\CMSIS\core_cm4.h(1779): warning:  #223-D: function "__DSB" declared implicitly
    __DSB();                                                          /* Ensure all outstanding memory accesses included
..\FW LIB\inc\CMSIS\core_cm4.h(1788): warning:  #223-D: function "__NOP" declared implicitly
      __NOP();
..\FW LIB\inc\CMSIS\core_cm4.h(1870): warning:  #223-D: function "__NOP" declared implicitly
        __NOP();
main.c(88): warning:  #1-D: last line of file ends without a newline
  }
main.c: 4 warnings, 0 errors
compiling fpu.c...
..\FW LIB\inc\CMSIS\core_cm4.h(1779): warning:  #223-D: function "__DSB" declared implicitly
    __DSB();                                                          /* Ensure all outstanding memory accesses included
..\FW LIB\inc\CMSIS\core_cm4.h(1788): warning:  #223-D: function "__NOP" declared implicitly
      __NOP();
..\FW LIB\inc\CMSIS\core_cm4.h(1870): warning:  #223-D: function "__NOP" declared implicitly
        __NOP();
..\FW LIB\fpu.c: 3 warnings, 0 errors
compiling dma.c...
..\FW LIB\inc\CMSIS\core_cm4.h(1779): warning:  #223-D: function "__DSB" declared implicitly
    __DSB();                                                          /* Ensure all outstanding memory accesses included
..\FW LIB\inc\CMSIS\core_cm4.h(1788): warning:  #223-D: function "__NOP" declared implicitly
      __NOP();
..\FW LIB\inc\CMSIS\core_cm4.h(1870): warning:  #223-D: function "__NOP" declared implicitly
        __NOP();
..\FW LIB\dma.c: 3 warnings, 0 errors
compiling gpio.c...
..\FW LIB\inc\CMSIS\core_cm4.h(1779): warning:  #223-D: function "__DSB" declared implicitly
    __DSB();                                                          /* Ensure all outstanding memory accesses included
..\FW LIB\inc\CMSIS\core_cm4.h(1788): warning:  #223-D: function "__NOP" declared implicitly
      __NOP();
..\FW LIB\inc\CMSIS\core_cm4.h(1870): warning:  #223-D: function "__NOP" declared implicitly
        __NOP();
..\FW LIB\gpio.c(71): warning:  #1296-D: extended constant initialiser used
  	(uint32_t)
..\FW LIB\gpio.c(72): warning:  #1296-D: extended constant initialiser used
  	(uint32_t)
..\FW LIB\gpio.c(73): warning:  #1296-D: extended constant initialiser used
  	(uint32_t)
..\FW LIB\gpio.c(74): warning:  #1296-D: extended constant initialiser used
  	(uint32_t)
..\FW LIB\gpio.c(75): warning:  #1296-D: extended constant initialiser used
  	(uint32_t)
..\FW LIB\gpio.c(76): warning:  #1296-D: extended constant initialiser used
  	(uint32_t)
..\FW LIB\gpio.c(77): warning:  #1296-D: extended constant initialiser used
  	(uint32_t)
..\FW LIB\gpio.c(78): warning:  #1296-D: extended constant initialiser used
  	(uint32_t)
..\FW LIB\gpio.c(79): warning:  #1296-D: extended constant initialiser used
  	(uint32_t)
..\FW LIB\gpio.c(80): warning:  #1296-D: extended constant initialiser used
  	(uint32_t)
..\FW LIB\gpio.c(81): warning:  #1296-D: extended constant initialiser used
  	(uint32_t)PJ
..\FW LIB\gpio.c: 14 warnings, 0 errors
compiling interrupt.c...
..\FW LIB\inc\CMSIS\core_cm4.h(1779): warning:  #223-D: function "__DSB" declared implicitly
    __DSB();                                                          /* Ensure all outstanding memory accesses included
..\FW LIB\inc\CMSIS\core_cm4.h(1788): warning:  #223-D: function "__NOP" declared implicitly
      __NOP();
..\FW LIB\inc\CMSIS\core_cm4.h(1870): warning:  #223-D: function "__NOP" declared implicitly
        __NOP();
..\FW LIB\interrupt.c: 3 warnings, 0 errors
compiling i2c.c...
..\FW LIB\inc\CMSIS\core_cm4.h(1779): warning:  #223-D: function "__DSB" declared implicitly
    __DSB();                                                          /* Ensure all outstanding memory accesses included
..\FW LIB\inc\CMSIS\core_cm4.h(1788): warning:  #223-D: function "__NOP" declared implicitly
      __NOP();
..\FW LIB\inc\CMSIS\core_cm4.h(1870): warning:  #223-D: function "__NOP" declared implicitly
        __NOP();
..\FW LIB\i2c.c: 3 warnings, 0 errors
compiling flash.c...
..\FW LIB\inc\CMSIS\core_cm4.h(1779): warning:  #223-D: function "__DSB" declared implicitly
    __DSB();                                                          /* Ensure all outstanding memory accesses included
..\FW LIB\inc\CMSIS\core_cm4.h(1788): warning:  #223-D: function "__NOP" declared implicitly
      __NOP();
..\FW LIB\inc\CMSIS\core_cm4.h(1870): warning:  #223-D: function "__NOP" declared implicitly
        __NOP();
..\FW LIB\flash.c: 3 warnings, 0 errors
compiling mpu.c...
..\FW LIB\inc\CMSIS\core_cm4.h(1779): warning:  #223-D: function "__DSB" declared implicitly
    __DSB();                                                          /* Ensure all outstanding memory accesses included
..\FW LIB\inc\CMSIS\core_cm4.h(1788): warning:  #223-D: function "__NOP" declared implicitly
      __NOP();
..\FW LIB\inc\CMSIS\core_cm4.h(1870): warning:  #223-D: function "__NOP" declared implicitly
        __NOP();
..\FW LIB\mpu.c: 3 warnings, 0 errors
compiling pmap.c...
..\FW LIB\inc\CMSIS\core_cm4.h(1779): warning:  #223-D: function "__DSB" declared implicitly
    __DSB();                                                          /* Ensure all outstanding memory accesses included
..\FW LIB\inc\CMSIS\core_cm4.h(1788): warning:  #223-D: function "__NOP" declared implicitly
      __NOP();
..\FW LIB\inc\CMSIS\core_cm4.h(1870): warning:  #223-D: function "__NOP" declared implicitly
        __NOP();
..\FW LIB\pmap.c: 3 warnings, 0 errors
compiling pcm.c...
..\FW LIB\inc\CMSIS\core_cm4.h(1779): warning:  #223-D: function "__DSB" declared implicitly
    __DSB();                                                          /* Ensure all outstanding memory accesses included
..\FW LIB\inc\CMSIS\core_cm4.h(1788): warning:  #223-D: function "__NOP" declared implicitly
      __NOP();
..\FW LIB\inc\CMSIS\core_cm4.h(1870): warning:  #223-D: function "__NOP" declared implicitly
        __NOP();
..\FW LIB\pcm.c: 3 warnings, 0 errors
compiling ref_a.c...
..\FW LIB\inc\CMSIS\core_cm4.h(1779): warning:  #223-D: function "__DSB" declared implicitly
    __DSB();                                                          /* Ensure all outstanding memory accesses included
..\FW LIB\inc\CMSIS\core_cm4.h(1788): warning:  #223-D: function "__NOP" declared implicitly
      __NOP();
..\FW LIB\inc\CMSIS\core_cm4.h(1870): warning:  #223-D: function "__NOP" declared implicitly
        __NOP();
..\FW LIB\ref_a.c: 3 warnings, 0 errors
compiling reset.c...
..\FW LIB\inc\CMSIS\core_cm4.h(1779): warning:  #223-D: function "__DSB" declared implicitly
    __DSB();                                                          /* Ensure all outstanding memory accesses included
..\FW LIB\inc\CMSIS\core_cm4.h(1788): warning:  #223-D: function "__NOP" declared implicitly
      __NOP();
..\FW LIB\inc\CMSIS\core_cm4.h(1870): warning:  #223-D: function "__NOP" declared implicitly
        __NOP();
..\FW LIB\reset.c: 3 warnings, 0 errors
compiling pss.c...
..\FW LIB\inc\CMSIS\core_cm4.h(1779): warning:  #223-D: function "__DSB" declared implicitly
    __DSB();                                                          /* Ensure all outstanding memory accesses included
..\FW LIB\inc\CMSIS\core_cm4.h(1788): warning:  #223-D: function "__NOP" declared implicitly
      __NOP();
..\FW LIB\inc\CMSIS\core_cm4.h(1870): warning:  #223-D: function "__NOP" declared implicitly
        __NOP();
..\FW LIB\pss.c: 3 warnings, 0 errors
compiling rtc_c.c...
..\FW LIB\inc\CMSIS\core_cm4.h(1779): warning:  #223-D: function "__DSB" declared implicitly
    __DSB();                                                          /* Ensure all outstanding memory accesses included
..\FW LIB\inc\CMSIS\core_cm4.h(1788): warning:  #223-D: function "__NOP" declared implicitly
      __NOP();
..\FW LIB\inc\CMSIS\core_cm4.h(1870): warning:  #223-D: function "__NOP" declared implicitly
        __NOP();
..\FW LIB\rtc_c.c: 3 warnings, 0 errors
compiling spi.c...
..\FW LIB\inc\CMSIS\core_cm4.h(1779): warning:  #223-D: function "__DSB" declared implicitly
    __DSB();                                                          /* Ensure all outstanding memory accesses included
..\FW LIB\inc\CMSIS\core_cm4.h(1788): warning:  #223-D: function "__NOP" declared implicitly
      __NOP();
..\FW LIB\inc\CMSIS\core_cm4.h(1870): warning:  #223-D: function "__NOP" declared implicitly
        __NOP();
..\FW LIB\spi.c: 3 warnings, 0 errors
compiling sysctl.c...
..\FW LIB\inc\CMSIS\core_cm4.h(1779): warning:  #223-D: function "__DSB" declared implicitly
    __DSB();                                                          /* Ensure all outstanding memory accesses included
..\FW LIB\inc\CMSIS\core_cm4.h(1788): warning:  #223-D: function "__NOP" declared implicitly
      __NOP();
..\FW LIB\inc\CMSIS\core_cm4.h(1870): warning:  #223-D: function "__NOP" declared implicitly
        __NOP();
..\FW LIB\sysctl.c: 3 warnings, 0 errors
assembling startup_MSP432P4.s...
compiling uart.c...
..\FW LIB\inc\CMSIS\core_cm4.h(1779): warning:  #223-D: function "__DSB" declared implicitly
    __DSB();                                                          /* Ensure all outstanding memory accesses included
..\FW LIB\inc\CMSIS\core_cm4.h(1788): warning:  #223-D: function "__NOP" declared implicitly
      __NOP();
..\FW LIB\inc\CMSIS\core_cm4.h(1870): warning:  #223-D: function "__NOP" declared implicitly
        __NOP();
..\FW LIB\uart.c: 3 warnings, 0 errors
compiling timer32.c...
..\FW LIB\inc\CMSIS\core_cm4.h(1779): warning:  #223-D: function "__DSB" declared implicitly
    __DSB();                                                          /* Ensure all outstanding memory accesses included
..\FW LIB\inc\CMSIS\core_cm4.h(1788): warning:  #223-D: function "__NOP" declared implicitly
      __NOP();
..\FW LIB\inc\CMSIS\core_cm4.h(1870): warning:  #223-D: function "__NOP" declared implicitly
        __NOP();
..\FW LIB\timer32.c: 3 warnings, 0 errors
compiling systick.c...
..\FW LIB\inc\CMSIS\core_cm4.h(1779): warning:  #223-D: function "__DSB" declared implicitly
    __DSB();                                                          /* Ensure all outstanding memory accesses included
..\FW LIB\inc\CMSIS\core_cm4.h(1788): warning:  #223-D: function "__NOP" declared implicitly
      __NOP();
..\FW LIB\inc\CMSIS\core_cm4.h(1870): warning:  #223-D: function "__NOP" declared implicitly
        __NOP();
..\FW LIB\systick.c: 3 warnings, 0 errors
compiling timer_a.c...
..\FW LIB\inc\CMSIS\core_cm4.h(1779): warning:  #223-D: function "__DSB" declared implicitly
    __DSB();                                                          /* Ensure all outstanding memory accesses included
..\FW LIB\inc\CMSIS\core_cm4.h(1788): warning:  #223-D: function "__NOP" declared implicitly
      __NOP();
..\FW LIB\inc\CMSIS\core_cm4.h(1870): warning:  #223-D: function "__NOP" declared implicitly
        __NOP();
..\FW LIB\timer_a.c: 3 warnings, 0 errors
compiling croutine.c...
compiling wdt_a.c...
..\FW LIB\inc\CMSIS\core_cm4.h(1779): warning:  #223-D: function "__DSB" declared implicitly
    __DSB();                                                          /* Ensure all outstanding memory accesses included
..\FW LIB\inc\CMSIS\core_cm4.h(1788): warning:  #223-D: function "__NOP" declared implicitly
      __NOP();
..\FW LIB\inc\CMSIS\core_cm4.h(1870): warning:  #223-D: function "__NOP" declared implicitly
        __NOP();
..\FW LIB\wdt_a.c: 3 warnings, 0 errors
compiling list.c...
compiling event_groups.c...
compiling timers.c...
compiling system_msp432p401r.c...
..\FW LIB\inc\CMSIS\core_cm4.h(1779): warning:  #223-D: function "__DSB" declared implicitly
    __DSB();                                                          /* Ensure all outstanding memory accesses included
..\FW LIB\inc\CMSIS\core_cm4.h(1788): warning:  #223-D: function "__NOP" declared implicitly
      __NOP();
..\FW LIB\inc\CMSIS\core_cm4.h(1870): warning:  #223-D: function "__NOP" declared implicitly
        __NOP();
..\CORE\system_msp432p401r.c: 3 warnings, 0 errors
compiling queue.c...
compiling heap_1.c...
compiling tasks.c...
compiling port.c...
linking...
Program Size: Code=3340 RO-data=344 RW-data=116 ZI-data=18220  
".\Objects\RTOS.axf" - 0 Error(s), 96 Warning(s).

<h2>Software Packages used:</h2>

Package Vendor: TexasInstruments
                http://software-dl.ti.com/msp430/msp430_public_sw/mcu/msp430/msp432cmsis/latest/exports/TexasInstruments.MSP432P4xx_DFP.3.2.6.pack
                TexasInstruments.MSP432P4xx_DFP.3.2.6
                Device Family Pack for Texas Instruments SimpleLink(TM) MSP432 Series

<h2>Collection of Component include folders:</h2>
  .\RTE\_RTOS
  C:\Keil_v5\ARM\PACK\TexasInstruments\MSP432P4xx_DFP\3.2.6\Device\Include

<h2>Collection of Component Files used:</h2>
Build Time Elapsed:  00:00:03
</pre>
</body>
</html>
